<!doctype html public "-//w3c//dtd html 4.0 transitional//en">
<html><head>
<title>Static Call Graph - [2_10_2018_TMTrial\2_10_2018_TMTrial.axf]</title></head>
<body><HR>
<H1>Static Call Graph for image 2_10_2018_TMTrial\2_10_2018_TMTrial.axf</H1><HR>
<BR><P>#&#060CALLGRAPH&#062# ARM Linker, 5060750: Last Updated: Tue Oct 09 19:28:32 2018
<BR><P>
<H3>Maximum Stack Usage =        280 bytes + Unknown(Cycles, Untraceable Function Pointers)</H3><H3>
Call chain for Maximum Stack Depth:</H3>
main &rArr; mfrc522_check &rArr; mfrc522_Request &rArr; mfrc522_toCard &rArr; mfrc522_SetBitMask &rArr; mfrc522_readRegister &rArr; HAL_SPI_Receive &rArr; HAL_SPI_TransmitReceive &rArr; SPI_EndRxTxTransaction &rArr; SPI_WaitFifoStateUntilTimeout
<P>
<H3>
Mutually Recursive functions
</H3> <LI><a href="#[1c]">ADC1_2_IRQHandler</a>&nbsp;&nbsp;&nbsp;&rArr;&nbsp;&nbsp;&nbsp;<a href="#[1c]">ADC1_2_IRQHandler</a><BR>
 <LI><a href="#[4]">BusFault_Handler</a>&nbsp;&nbsp;&nbsp;&rArr;&nbsp;&nbsp;&nbsp;<a href="#[4]">BusFault_Handler</a><BR>
 <LI><a href="#[2]">HardFault_Handler</a>&nbsp;&nbsp;&nbsp;&rArr;&nbsp;&nbsp;&nbsp;<a href="#[2]">HardFault_Handler</a><BR>
 <LI><a href="#[3]">MemManage_Handler</a>&nbsp;&nbsp;&nbsp;&rArr;&nbsp;&nbsp;&nbsp;<a href="#[3]">MemManage_Handler</a><BR>
 <LI><a href="#[5]">UsageFault_Handler</a>&nbsp;&nbsp;&nbsp;&rArr;&nbsp;&nbsp;&nbsp;<a href="#[5]">UsageFault_Handler</a><BR>
</UL>
<P>
<H3>
Function Pointers
</H3><UL>
 <LI><a href="#[1c]">ADC1_2_IRQHandler</a> from startup_stm32f303xe.o(.text) referenced from startup_stm32f303xe.o(RESET)
 <LI><a href="#[39]">ADC3_IRQHandler</a> from startup_stm32f303xe.o(.text) referenced from startup_stm32f303xe.o(RESET)
 <LI><a href="#[45]">ADC4_IRQHandler</a> from startup_stm32f303xe.o(.text) referenced from startup_stm32f303xe.o(RESET)
 <LI><a href="#[4]">BusFault_Handler</a> from stm32f3xx_it.o(i.BusFault_Handler) referenced from startup_stm32f303xe.o(RESET)
 <LI><a href="#[1f]">CAN_RX1_IRQHandler</a> from startup_stm32f303xe.o(.text) referenced from startup_stm32f303xe.o(RESET)
 <LI><a href="#[20]">CAN_SCE_IRQHandler</a> from startup_stm32f303xe.o(.text) referenced from startup_stm32f303xe.o(RESET)
 <LI><a href="#[46]">COMP1_2_3_IRQHandler</a> from startup_stm32f303xe.o(.text) referenced from startup_stm32f303xe.o(RESET)
 <LI><a href="#[47]">COMP4_5_6_IRQHandler</a> from startup_stm32f303xe.o(.text) referenced from startup_stm32f303xe.o(RESET)
 <LI><a href="#[48]">COMP7_IRQHandler</a> from startup_stm32f303xe.o(.text) referenced from startup_stm32f303xe.o(RESET)
 <LI><a href="#[15]">DMA1_Channel1_IRQHandler</a> from startup_stm32f303xe.o(.text) referenced from startup_stm32f303xe.o(RESET)
 <LI><a href="#[16]">DMA1_Channel2_IRQHandler</a> from startup_stm32f303xe.o(.text) referenced from startup_stm32f303xe.o(RESET)
 <LI><a href="#[17]">DMA1_Channel3_IRQHandler</a> from startup_stm32f303xe.o(.text) referenced from startup_stm32f303xe.o(RESET)
 <LI><a href="#[18]">DMA1_Channel4_IRQHandler</a> from startup_stm32f303xe.o(.text) referenced from startup_stm32f303xe.o(RESET)
 <LI><a href="#[19]">DMA1_Channel5_IRQHandler</a> from startup_stm32f303xe.o(.text) referenced from startup_stm32f303xe.o(RESET)
 <LI><a href="#[1a]">DMA1_Channel6_IRQHandler</a> from startup_stm32f303xe.o(.text) referenced from startup_stm32f303xe.o(RESET)
 <LI><a href="#[1b]">DMA1_Channel7_IRQHandler</a> from startup_stm32f303xe.o(.text) referenced from startup_stm32f303xe.o(RESET)
 <LI><a href="#[40]">DMA2_Channel1_IRQHandler</a> from startup_stm32f303xe.o(.text) referenced from startup_stm32f303xe.o(RESET)
 <LI><a href="#[41]">DMA2_Channel2_IRQHandler</a> from startup_stm32f303xe.o(.text) referenced from startup_stm32f303xe.o(RESET)
 <LI><a href="#[42]">DMA2_Channel3_IRQHandler</a> from startup_stm32f303xe.o(.text) referenced from startup_stm32f303xe.o(RESET)
 <LI><a href="#[43]">DMA2_Channel4_IRQHandler</a> from startup_stm32f303xe.o(.text) referenced from startup_stm32f303xe.o(RESET)
 <LI><a href="#[44]">DMA2_Channel5_IRQHandler</a> from startup_stm32f303xe.o(.text) referenced from startup_stm32f303xe.o(RESET)
 <LI><a href="#[7]">DebugMon_Handler</a> from stm32f3xx_it.o(i.DebugMon_Handler) referenced from startup_stm32f303xe.o(RESET)
 <LI><a href="#[10]">EXTI0_IRQHandler</a> from startup_stm32f303xe.o(.text) referenced from startup_stm32f303xe.o(RESET)
 <LI><a href="#[32]">EXTI15_10_IRQHandler</a> from startup_stm32f303xe.o(.text) referenced from startup_stm32f303xe.o(RESET)
 <LI><a href="#[11]">EXTI1_IRQHandler</a> from startup_stm32f303xe.o(.text) referenced from startup_stm32f303xe.o(RESET)
 <LI><a href="#[12]">EXTI2_TSC_IRQHandler</a> from startup_stm32f303xe.o(.text) referenced from startup_stm32f303xe.o(RESET)
 <LI><a href="#[13]">EXTI3_IRQHandler</a> from startup_stm32f303xe.o(.text) referenced from startup_stm32f303xe.o(RESET)
 <LI><a href="#[14]">EXTI4_IRQHandler</a> from startup_stm32f303xe.o(.text) referenced from startup_stm32f303xe.o(RESET)
 <LI><a href="#[21]">EXTI9_5_IRQHandler</a> from startup_stm32f303xe.o(.text) referenced from startup_stm32f303xe.o(RESET)
 <LI><a href="#[e]">FLASH_IRQHandler</a> from startup_stm32f303xe.o(.text) referenced from startup_stm32f303xe.o(RESET)
 <LI><a href="#[3a]">FMC_IRQHandler</a> from startup_stm32f303xe.o(.text) referenced from startup_stm32f303xe.o(RESET)
 <LI><a href="#[52]">FPU_IRQHandler</a> from startup_stm32f303xe.o(.text) referenced from startup_stm32f303xe.o(RESET)
 <LI><a href="#[2]">HardFault_Handler</a> from stm32f3xx_it.o(i.HardFault_Handler) referenced from startup_stm32f303xe.o(RESET)
 <LI><a href="#[2a]">I2C1_ER_IRQHandler</a> from startup_stm32f303xe.o(.text) referenced from startup_stm32f303xe.o(RESET)
 <LI><a href="#[29]">I2C1_EV_IRQHandler</a> from startup_stm32f303xe.o(.text) referenced from startup_stm32f303xe.o(RESET)
 <LI><a href="#[2c]">I2C2_ER_IRQHandler</a> from startup_stm32f303xe.o(.text) referenced from startup_stm32f303xe.o(RESET)
 <LI><a href="#[2b]">I2C2_EV_IRQHandler</a> from startup_stm32f303xe.o(.text) referenced from startup_stm32f303xe.o(RESET)
 <LI><a href="#[4a]">I2C3_ER_IRQHandler</a> from startup_stm32f303xe.o(.text) referenced from startup_stm32f303xe.o(RESET)
 <LI><a href="#[49]">I2C3_EV_IRQHandler</a> from startup_stm32f303xe.o(.text) referenced from startup_stm32f303xe.o(RESET)
 <LI><a href="#[3]">MemManage_Handler</a> from stm32f3xx_it.o(i.MemManage_Handler) referenced from startup_stm32f303xe.o(RESET)
 <LI><a href="#[1]">NMI_Handler</a> from stm32f3xx_it.o(i.NMI_Handler) referenced from startup_stm32f303xe.o(RESET)
 <LI><a href="#[b]">PVD_IRQHandler</a> from startup_stm32f303xe.o(.text) referenced from startup_stm32f303xe.o(RESET)
 <LI><a href="#[8]">PendSV_Handler</a> from stm32f3xx_it.o(i.PendSV_Handler) referenced from startup_stm32f303xe.o(RESET)
 <LI><a href="#[f]">RCC_IRQHandler</a> from startup_stm32f303xe.o(.text) referenced from startup_stm32f303xe.o(RESET)
 <LI><a href="#[33]">RTC_Alarm_IRQHandler</a> from startup_stm32f303xe.o(.text) referenced from startup_stm32f303xe.o(RESET)
 <LI><a href="#[d]">RTC_WKUP_IRQHandler</a> from startup_stm32f303xe.o(.text) referenced from startup_stm32f303xe.o(RESET)
 <LI><a href="#[0]">Reset_Handler</a> from startup_stm32f303xe.o(.text) referenced from startup_stm32f303xe.o(RESET)
 <LI><a href="#[2d]">SPI1_IRQHandler</a> from stm32f3xx_it.o(i.SPI1_IRQHandler) referenced from startup_stm32f303xe.o(RESET)
 <LI><a href="#[2e]">SPI2_IRQHandler</a> from startup_stm32f303xe.o(.text) referenced from startup_stm32f303xe.o(RESET)
 <LI><a href="#[3b]">SPI3_IRQHandler</a> from startup_stm32f303xe.o(.text) referenced from startup_stm32f303xe.o(RESET)
 <LI><a href="#[53]">SPI4_IRQHandler</a> from startup_stm32f303xe.o(.text) referenced from startup_stm32f303xe.o(RESET)
 <LI><a href="#[57]">SPI_DMAAbortOnError</a> from stm32f3xx_hal_spi.o(i.SPI_DMAAbortOnError) referenced from stm32f3xx_hal_spi.o(i.HAL_SPI_IRQHandler)
 <LI><a href="#[6]">SVC_Handler</a> from stm32f3xx_it.o(i.SVC_Handler) referenced from startup_stm32f303xe.o(RESET)
 <LI><a href="#[9]">SysTick_Handler</a> from stm32f3xx_it.o(i.SysTick_Handler) referenced from startup_stm32f303xe.o(RESET)
 <LI><a href="#[55]">SystemInit</a> from system_stm32f3xx.o(i.SystemInit) referenced from startup_stm32f303xe.o(.text)
 <LI><a href="#[c]">TAMP_STAMP_IRQHandler</a> from startup_stm32f303xe.o(.text) referenced from startup_stm32f303xe.o(RESET)
 <LI><a href="#[22]">TIM1_BRK_TIM15_IRQHandler</a> from startup_stm32f303xe.o(.text) referenced from startup_stm32f303xe.o(RESET)
 <LI><a href="#[25]">TIM1_CC_IRQHandler</a> from startup_stm32f303xe.o(.text) referenced from startup_stm32f303xe.o(RESET)
 <LI><a href="#[24]">TIM1_TRG_COM_TIM17_IRQHandler</a> from startup_stm32f303xe.o(.text) referenced from startup_stm32f303xe.o(RESET)
 <LI><a href="#[23]">TIM1_UP_TIM16_IRQHandler</a> from startup_stm32f303xe.o(.text) referenced from startup_stm32f303xe.o(RESET)
 <LI><a href="#[4e]">TIM20_BRK_IRQHandler</a> from startup_stm32f303xe.o(.text) referenced from startup_stm32f303xe.o(RESET)
 <LI><a href="#[51]">TIM20_CC_IRQHandler</a> from startup_stm32f303xe.o(.text) referenced from startup_stm32f303xe.o(RESET)
 <LI><a href="#[50]">TIM20_TRG_COM_IRQHandler</a> from startup_stm32f303xe.o(.text) referenced from startup_stm32f303xe.o(RESET)
 <LI><a href="#[4f]">TIM20_UP_IRQHandler</a> from startup_stm32f303xe.o(.text) referenced from startup_stm32f303xe.o(RESET)
 <LI><a href="#[26]">TIM2_IRQHandler</a> from startup_stm32f303xe.o(.text) referenced from startup_stm32f303xe.o(RESET)
 <LI><a href="#[27]">TIM3_IRQHandler</a> from startup_stm32f303xe.o(.text) referenced from startup_stm32f303xe.o(RESET)
 <LI><a href="#[28]">TIM4_IRQHandler</a> from startup_stm32f303xe.o(.text) referenced from startup_stm32f303xe.o(RESET)
 <LI><a href="#[3e]">TIM6_DAC_IRQHandler</a> from startup_stm32f303xe.o(.text) referenced from startup_stm32f303xe.o(RESET)
 <LI><a href="#[3f]">TIM7_IRQHandler</a> from startup_stm32f303xe.o(.text) referenced from startup_stm32f303xe.o(RESET)
 <LI><a href="#[35]">TIM8_BRK_IRQHandler</a> from startup_stm32f303xe.o(.text) referenced from startup_stm32f303xe.o(RESET)
 <LI><a href="#[38]">TIM8_CC_IRQHandler</a> from startup_stm32f303xe.o(.text) referenced from startup_stm32f303xe.o(RESET)
 <LI><a href="#[37]">TIM8_TRG_COM_IRQHandler</a> from startup_stm32f303xe.o(.text) referenced from startup_stm32f303xe.o(RESET)
 <LI><a href="#[36]">TIM8_UP_IRQHandler</a> from startup_stm32f303xe.o(.text) referenced from startup_stm32f303xe.o(RESET)
 <LI><a href="#[3c]">UART4_IRQHandler</a> from startup_stm32f303xe.o(.text) referenced from startup_stm32f303xe.o(RESET)
 <LI><a href="#[3d]">UART5_IRQHandler</a> from startup_stm32f303xe.o(.text) referenced from startup_stm32f303xe.o(RESET)
 <LI><a href="#[2f]">USART1_IRQHandler</a> from startup_stm32f303xe.o(.text) referenced from startup_stm32f303xe.o(RESET)
 <LI><a href="#[30]">USART2_IRQHandler</a> from startup_stm32f303xe.o(.text) referenced from startup_stm32f303xe.o(RESET)
 <LI><a href="#[31]">USART3_IRQHandler</a> from startup_stm32f303xe.o(.text) referenced from startup_stm32f303xe.o(RESET)
 <LI><a href="#[34]">USBWakeUp_IRQHandler</a> from startup_stm32f303xe.o(.text) referenced from startup_stm32f303xe.o(RESET)
 <LI><a href="#[4d]">USBWakeUp_RMP_IRQHandler</a> from startup_stm32f303xe.o(.text) referenced from startup_stm32f303xe.o(RESET)
 <LI><a href="#[1d]">USB_HP_CAN_TX_IRQHandler</a> from startup_stm32f303xe.o(.text) referenced from startup_stm32f303xe.o(RESET)
 <LI><a href="#[4b]">USB_HP_IRQHandler</a> from startup_stm32f303xe.o(.text) referenced from startup_stm32f303xe.o(RESET)
 <LI><a href="#[1e]">USB_LP_CAN_RX0_IRQHandler</a> from startup_stm32f303xe.o(.text) referenced from startup_stm32f303xe.o(RESET)
 <LI><a href="#[4c]">USB_LP_IRQHandler</a> from startup_stm32f303xe.o(.text) referenced from startup_stm32f303xe.o(RESET)
 <LI><a href="#[5]">UsageFault_Handler</a> from stm32f3xx_it.o(i.UsageFault_Handler) referenced from startup_stm32f303xe.o(RESET)
 <LI><a href="#[a]">WWDG_IRQHandler</a> from startup_stm32f303xe.o(.text) referenced from startup_stm32f303xe.o(RESET)
 <LI><a href="#[56]">__main</a> from entry.o(.ARM.Collect$$$$00000000) referenced from startup_stm32f303xe.o(.text)
 <LI><a href="#[54]">main</a> from main.o(i.main) referenced from entry9a.o(.ARM.Collect$$$$0000000B)
</UL>
<P>
<H3>
Global Symbols
</H3>
<P><STRONG><a name="[56]"></a>__main</STRONG> (Thumb, 0 bytes, Stack size unknown bytes, entry.o(.ARM.Collect$$$$00000000))
<BR>[Address Reference Count : 1]<UL><LI> startup_stm32f303xe.o(.text)
</UL>
<P><STRONG><a name="[8d]"></a>_main_stk</STRONG> (Thumb, 0 bytes, Stack size unknown bytes, entry2.o(.ARM.Collect$$$$00000001))

<P><STRONG><a name="[58]"></a>_main_scatterload</STRONG> (Thumb, 0 bytes, Stack size unknown bytes, entry5.o(.ARM.Collect$$$$00000004))
<BR><BR>[Calls]<UL><LI><a href="#[59]">&gt;&gt;</a>&nbsp;&nbsp;&nbsp;__scatterload
</UL>

<P><STRONG><a name="[5a]"></a>__main_after_scatterload</STRONG> (Thumb, 0 bytes, Stack size unknown bytes, entry5.o(.ARM.Collect$$$$00000004))
<BR><BR>[Called By]<UL><LI><a href="#[59]">&gt;&gt;</a>&nbsp;&nbsp;&nbsp;__scatterload
</UL>

<P><STRONG><a name="[8e]"></a>_main_clock</STRONG> (Thumb, 0 bytes, Stack size unknown bytes, entry7b.o(.ARM.Collect$$$$00000008))

<P><STRONG><a name="[8f]"></a>_main_cpp_init</STRONG> (Thumb, 0 bytes, Stack size unknown bytes, entry8b.o(.ARM.Collect$$$$0000000A))

<P><STRONG><a name="[90]"></a>_main_init</STRONG> (Thumb, 0 bytes, Stack size unknown bytes, entry9a.o(.ARM.Collect$$$$0000000B))

<P><STRONG><a name="[91]"></a>__rt_final_cpp</STRONG> (Thumb, 0 bytes, Stack size unknown bytes, entry10a.o(.ARM.Collect$$$$0000000D))

<P><STRONG><a name="[92]"></a>__rt_final_exit</STRONG> (Thumb, 0 bytes, Stack size unknown bytes, entry11a.o(.ARM.Collect$$$$0000000F))

<P><STRONG><a name="[0]"></a>Reset_Handler</STRONG> (Thumb, 8 bytes, Stack size 0 bytes, startup_stm32f303xe.o(.text))
<BR>[Address Reference Count : 1]<UL><LI> startup_stm32f303xe.o(RESET)
</UL>
<P><STRONG><a name="[1c]"></a>ADC1_2_IRQHandler</STRONG> (Thumb, 0 bytes, Stack size 0 bytes, startup_stm32f303xe.o(.text))
<BR><BR>[Calls]<UL><LI><a href="#[1c]">&gt;&gt;</a>&nbsp;&nbsp;&nbsp;ADC1_2_IRQHandler
</UL>
<BR>[Called By]<UL><LI><a href="#[1c]">&gt;&gt;</a>&nbsp;&nbsp;&nbsp;ADC1_2_IRQHandler
</UL>
<BR>[Address Reference Count : 1]<UL><LI> startup_stm32f303xe.o(RESET)
</UL>
<P><STRONG><a name="[39]"></a>ADC3_IRQHandler</STRONG> (Thumb, 0 bytes, Stack size 0 bytes, startup_stm32f303xe.o(.text))
<BR>[Address Reference Count : 1]<UL><LI> startup_stm32f303xe.o(RESET)
</UL>
<P><STRONG><a name="[45]"></a>ADC4_IRQHandler</STRONG> (Thumb, 0 bytes, Stack size 0 bytes, startup_stm32f303xe.o(.text))
<BR>[Address Reference Count : 1]<UL><LI> startup_stm32f303xe.o(RESET)
</UL>
<P><STRONG><a name="[1f]"></a>CAN_RX1_IRQHandler</STRONG> (Thumb, 0 bytes, Stack size 0 bytes, startup_stm32f303xe.o(.text))
<BR>[Address Reference Count : 1]<UL><LI> startup_stm32f303xe.o(RESET)
</UL>
<P><STRONG><a name="[20]"></a>CAN_SCE_IRQHandler</STRONG> (Thumb, 0 bytes, Stack size 0 bytes, startup_stm32f303xe.o(.text))
<BR>[Address Reference Count : 1]<UL><LI> startup_stm32f303xe.o(RESET)
</UL>
<P><STRONG><a name="[46]"></a>COMP1_2_3_IRQHandler</STRONG> (Thumb, 0 bytes, Stack size 0 bytes, startup_stm32f303xe.o(.text))
<BR>[Address Reference Count : 1]<UL><LI> startup_stm32f303xe.o(RESET)
</UL>
<P><STRONG><a name="[47]"></a>COMP4_5_6_IRQHandler</STRONG> (Thumb, 0 bytes, Stack size 0 bytes, startup_stm32f303xe.o(.text))
<BR>[Address Reference Count : 1]<UL><LI> startup_stm32f303xe.o(RESET)
</UL>
<P><STRONG><a name="[48]"></a>COMP7_IRQHandler</STRONG> (Thumb, 0 bytes, Stack size 0 bytes, startup_stm32f303xe.o(.text))
<BR>[Address Reference Count : 1]<UL><LI> startup_stm32f303xe.o(RESET)
</UL>
<P><STRONG><a name="[15]"></a>DMA1_Channel1_IRQHandler</STRONG> (Thumb, 0 bytes, Stack size 0 bytes, startup_stm32f303xe.o(.text))
<BR>[Address Reference Count : 1]<UL><LI> startup_stm32f303xe.o(RESET)
</UL>
<P><STRONG><a name="[16]"></a>DMA1_Channel2_IRQHandler</STRONG> (Thumb, 0 bytes, Stack size 0 bytes, startup_stm32f303xe.o(.text))
<BR>[Address Reference Count : 1]<UL><LI> startup_stm32f303xe.o(RESET)
</UL>
<P><STRONG><a name="[17]"></a>DMA1_Channel3_IRQHandler</STRONG> (Thumb, 0 bytes, Stack size 0 bytes, startup_stm32f303xe.o(.text))
<BR>[Address Reference Count : 1]<UL><LI> startup_stm32f303xe.o(RESET)
</UL>
<P><STRONG><a name="[18]"></a>DMA1_Channel4_IRQHandler</STRONG> (Thumb, 0 bytes, Stack size 0 bytes, startup_stm32f303xe.o(.text))
<BR>[Address Reference Count : 1]<UL><LI> startup_stm32f303xe.o(RESET)
</UL>
<P><STRONG><a name="[19]"></a>DMA1_Channel5_IRQHandler</STRONG> (Thumb, 0 bytes, Stack size 0 bytes, startup_stm32f303xe.o(.text))
<BR>[Address Reference Count : 1]<UL><LI> startup_stm32f303xe.o(RESET)
</UL>
<P><STRONG><a name="[1a]"></a>DMA1_Channel6_IRQHandler</STRONG> (Thumb, 0 bytes, Stack size 0 bytes, startup_stm32f303xe.o(.text))
<BR>[Address Reference Count : 1]<UL><LI> startup_stm32f303xe.o(RESET)
</UL>
<P><STRONG><a name="[1b]"></a>DMA1_Channel7_IRQHandler</STRONG> (Thumb, 0 bytes, Stack size 0 bytes, startup_stm32f303xe.o(.text))
<BR>[Address Reference Count : 1]<UL><LI> startup_stm32f303xe.o(RESET)
</UL>
<P><STRONG><a name="[40]"></a>DMA2_Channel1_IRQHandler</STRONG> (Thumb, 0 bytes, Stack size 0 bytes, startup_stm32f303xe.o(.text))
<BR>[Address Reference Count : 1]<UL><LI> startup_stm32f303xe.o(RESET)
</UL>
<P><STRONG><a name="[41]"></a>DMA2_Channel2_IRQHandler</STRONG> (Thumb, 0 bytes, Stack size 0 bytes, startup_stm32f303xe.o(.text))
<BR>[Address Reference Count : 1]<UL><LI> startup_stm32f303xe.o(RESET)
</UL>
<P><STRONG><a name="[42]"></a>DMA2_Channel3_IRQHandler</STRONG> (Thumb, 0 bytes, Stack size 0 bytes, startup_stm32f303xe.o(.text))
<BR>[Address Reference Count : 1]<UL><LI> startup_stm32f303xe.o(RESET)
</UL>
<P><STRONG><a name="[43]"></a>DMA2_Channel4_IRQHandler</STRONG> (Thumb, 0 bytes, Stack size 0 bytes, startup_stm32f303xe.o(.text))
<BR>[Address Reference Count : 1]<UL><LI> startup_stm32f303xe.o(RESET)
</UL>
<P><STRONG><a name="[44]"></a>DMA2_Channel5_IRQHandler</STRONG> (Thumb, 0 bytes, Stack size 0 bytes, startup_stm32f303xe.o(.text))
<BR>[Address Reference Count : 1]<UL><LI> startup_stm32f303xe.o(RESET)
</UL>
<P><STRONG><a name="[10]"></a>EXTI0_IRQHandler</STRONG> (Thumb, 0 bytes, Stack size 0 bytes, startup_stm32f303xe.o(.text))
<BR>[Address Reference Count : 1]<UL><LI> startup_stm32f303xe.o(RESET)
</UL>
<P><STRONG><a name="[32]"></a>EXTI15_10_IRQHandler</STRONG> (Thumb, 0 bytes, Stack size 0 bytes, startup_stm32f303xe.o(.text))
<BR>[Address Reference Count : 1]<UL><LI> startup_stm32f303xe.o(RESET)
</UL>
<P><STRONG><a name="[11]"></a>EXTI1_IRQHandler</STRONG> (Thumb, 0 bytes, Stack size 0 bytes, startup_stm32f303xe.o(.text))
<BR>[Address Reference Count : 1]<UL><LI> startup_stm32f303xe.o(RESET)
</UL>
<P><STRONG><a name="[12]"></a>EXTI2_TSC_IRQHandler</STRONG> (Thumb, 0 bytes, Stack size 0 bytes, startup_stm32f303xe.o(.text))
<BR>[Address Reference Count : 1]<UL><LI> startup_stm32f303xe.o(RESET)
</UL>
<P><STRONG><a name="[13]"></a>EXTI3_IRQHandler</STRONG> (Thumb, 0 bytes, Stack size 0 bytes, startup_stm32f303xe.o(.text))
<BR>[Address Reference Count : 1]<UL><LI> startup_stm32f303xe.o(RESET)
</UL>
<P><STRONG><a name="[14]"></a>EXTI4_IRQHandler</STRONG> (Thumb, 0 bytes, Stack size 0 bytes, startup_stm32f303xe.o(.text))
<BR>[Address Reference Count : 1]<UL><LI> startup_stm32f303xe.o(RESET)
</UL>
<P><STRONG><a name="[21]"></a>EXTI9_5_IRQHandler</STRONG> (Thumb, 0 bytes, Stack size 0 bytes, startup_stm32f303xe.o(.text))
<BR>[Address Reference Count : 1]<UL><LI> startup_stm32f303xe.o(RESET)
</UL>
<P><STRONG><a name="[e]"></a>FLASH_IRQHandler</STRONG> (Thumb, 0 bytes, Stack size 0 bytes, startup_stm32f303xe.o(.text))
<BR>[Address Reference Count : 1]<UL><LI> startup_stm32f303xe.o(RESET)
</UL>
<P><STRONG><a name="[3a]"></a>FMC_IRQHandler</STRONG> (Thumb, 0 bytes, Stack size 0 bytes, startup_stm32f303xe.o(.text))
<BR>[Address Reference Count : 1]<UL><LI> startup_stm32f303xe.o(RESET)
</UL>
<P><STRONG><a name="[52]"></a>FPU_IRQHandler</STRONG> (Thumb, 0 bytes, Stack size 0 bytes, startup_stm32f303xe.o(.text))
<BR>[Address Reference Count : 1]<UL><LI> startup_stm32f303xe.o(RESET)
</UL>
<P><STRONG><a name="[2a]"></a>I2C1_ER_IRQHandler</STRONG> (Thumb, 0 bytes, Stack size 0 bytes, startup_stm32f303xe.o(.text))
<BR>[Address Reference Count : 1]<UL><LI> startup_stm32f303xe.o(RESET)
</UL>
<P><STRONG><a name="[29]"></a>I2C1_EV_IRQHandler</STRONG> (Thumb, 0 bytes, Stack size 0 bytes, startup_stm32f303xe.o(.text))
<BR>[Address Reference Count : 1]<UL><LI> startup_stm32f303xe.o(RESET)
</UL>
<P><STRONG><a name="[2c]"></a>I2C2_ER_IRQHandler</STRONG> (Thumb, 0 bytes, Stack size 0 bytes, startup_stm32f303xe.o(.text))
<BR>[Address Reference Count : 1]<UL><LI> startup_stm32f303xe.o(RESET)
</UL>
<P><STRONG><a name="[2b]"></a>I2C2_EV_IRQHandler</STRONG> (Thumb, 0 bytes, Stack size 0 bytes, startup_stm32f303xe.o(.text))
<BR>[Address Reference Count : 1]<UL><LI> startup_stm32f303xe.o(RESET)
</UL>
<P><STRONG><a name="[4a]"></a>I2C3_ER_IRQHandler</STRONG> (Thumb, 0 bytes, Stack size 0 bytes, startup_stm32f303xe.o(.text))
<BR>[Address Reference Count : 1]<UL><LI> startup_stm32f303xe.o(RESET)
</UL>
<P><STRONG><a name="[49]"></a>I2C3_EV_IRQHandler</STRONG> (Thumb, 0 bytes, Stack size 0 bytes, startup_stm32f303xe.o(.text))
<BR>[Address Reference Count : 1]<UL><LI> startup_stm32f303xe.o(RESET)
</UL>
<P><STRONG><a name="[b]"></a>PVD_IRQHandler</STRONG> (Thumb, 0 bytes, Stack size 0 bytes, startup_stm32f303xe.o(.text))
<BR>[Address Reference Count : 1]<UL><LI> startup_stm32f303xe.o(RESET)
</UL>
<P><STRONG><a name="[f]"></a>RCC_IRQHandler</STRONG> (Thumb, 0 bytes, Stack size 0 bytes, startup_stm32f303xe.o(.text))
<BR>[Address Reference Count : 1]<UL><LI> startup_stm32f303xe.o(RESET)
</UL>
<P><STRONG><a name="[33]"></a>RTC_Alarm_IRQHandler</STRONG> (Thumb, 0 bytes, Stack size 0 bytes, startup_stm32f303xe.o(.text))
<BR>[Address Reference Count : 1]<UL><LI> startup_stm32f303xe.o(RESET)
</UL>
<P><STRONG><a name="[d]"></a>RTC_WKUP_IRQHandler</STRONG> (Thumb, 0 bytes, Stack size 0 bytes, startup_stm32f303xe.o(.text))
<BR>[Address Reference Count : 1]<UL><LI> startup_stm32f303xe.o(RESET)
</UL>
<P><STRONG><a name="[2e]"></a>SPI2_IRQHandler</STRONG> (Thumb, 0 bytes, Stack size 0 bytes, startup_stm32f303xe.o(.text))
<BR>[Address Reference Count : 1]<UL><LI> startup_stm32f303xe.o(RESET)
</UL>
<P><STRONG><a name="[3b]"></a>SPI3_IRQHandler</STRONG> (Thumb, 0 bytes, Stack size 0 bytes, startup_stm32f303xe.o(.text))
<BR>[Address Reference Count : 1]<UL><LI> startup_stm32f303xe.o(RESET)
</UL>
<P><STRONG><a name="[53]"></a>SPI4_IRQHandler</STRONG> (Thumb, 0 bytes, Stack size 0 bytes, startup_stm32f303xe.o(.text))
<BR>[Address Reference Count : 1]<UL><LI> startup_stm32f303xe.o(RESET)
</UL>
<P><STRONG><a name="[c]"></a>TAMP_STAMP_IRQHandler</STRONG> (Thumb, 0 bytes, Stack size 0 bytes, startup_stm32f303xe.o(.text))
<BR>[Address Reference Count : 1]<UL><LI> startup_stm32f303xe.o(RESET)
</UL>
<P><STRONG><a name="[22]"></a>TIM1_BRK_TIM15_IRQHandler</STRONG> (Thumb, 0 bytes, Stack size 0 bytes, startup_stm32f303xe.o(.text))
<BR>[Address Reference Count : 1]<UL><LI> startup_stm32f303xe.o(RESET)
</UL>
<P><STRONG><a name="[25]"></a>TIM1_CC_IRQHandler</STRONG> (Thumb, 0 bytes, Stack size 0 bytes, startup_stm32f303xe.o(.text))
<BR>[Address Reference Count : 1]<UL><LI> startup_stm32f303xe.o(RESET)
</UL>
<P><STRONG><a name="[24]"></a>TIM1_TRG_COM_TIM17_IRQHandler</STRONG> (Thumb, 0 bytes, Stack size 0 bytes, startup_stm32f303xe.o(.text))
<BR>[Address Reference Count : 1]<UL><LI> startup_stm32f303xe.o(RESET)
</UL>
<P><STRONG><a name="[23]"></a>TIM1_UP_TIM16_IRQHandler</STRONG> (Thumb, 0 bytes, Stack size 0 bytes, startup_stm32f303xe.o(.text))
<BR>[Address Reference Count : 1]<UL><LI> startup_stm32f303xe.o(RESET)
</UL>
<P><STRONG><a name="[4e]"></a>TIM20_BRK_IRQHandler</STRONG> (Thumb, 0 bytes, Stack size 0 bytes, startup_stm32f303xe.o(.text))
<BR>[Address Reference Count : 1]<UL><LI> startup_stm32f303xe.o(RESET)
</UL>
<P><STRONG><a name="[51]"></a>TIM20_CC_IRQHandler</STRONG> (Thumb, 0 bytes, Stack size 0 bytes, startup_stm32f303xe.o(.text))
<BR>[Address Reference Count : 1]<UL><LI> startup_stm32f303xe.o(RESET)
</UL>
<P><STRONG><a name="[50]"></a>TIM20_TRG_COM_IRQHandler</STRONG> (Thumb, 0 bytes, Stack size 0 bytes, startup_stm32f303xe.o(.text))
<BR>[Address Reference Count : 1]<UL><LI> startup_stm32f303xe.o(RESET)
</UL>
<P><STRONG><a name="[4f]"></a>TIM20_UP_IRQHandler</STRONG> (Thumb, 0 bytes, Stack size 0 bytes, startup_stm32f303xe.o(.text))
<BR>[Address Reference Count : 1]<UL><LI> startup_stm32f303xe.o(RESET)
</UL>
<P><STRONG><a name="[26]"></a>TIM2_IRQHandler</STRONG> (Thumb, 0 bytes, Stack size 0 bytes, startup_stm32f303xe.o(.text))
<BR>[Address Reference Count : 1]<UL><LI> startup_stm32f303xe.o(RESET)
</UL>
<P><STRONG><a name="[27]"></a>TIM3_IRQHandler</STRONG> (Thumb, 0 bytes, Stack size 0 bytes, startup_stm32f303xe.o(.text))
<BR>[Address Reference Count : 1]<UL><LI> startup_stm32f303xe.o(RESET)
</UL>
<P><STRONG><a name="[28]"></a>TIM4_IRQHandler</STRONG> (Thumb, 0 bytes, Stack size 0 bytes, startup_stm32f303xe.o(.text))
<BR>[Address Reference Count : 1]<UL><LI> startup_stm32f303xe.o(RESET)
</UL>
<P><STRONG><a name="[3e]"></a>TIM6_DAC_IRQHandler</STRONG> (Thumb, 0 bytes, Stack size 0 bytes, startup_stm32f303xe.o(.text))
<BR>[Address Reference Count : 1]<UL><LI> startup_stm32f303xe.o(RESET)
</UL>
<P><STRONG><a name="[3f]"></a>TIM7_IRQHandler</STRONG> (Thumb, 0 bytes, Stack size 0 bytes, startup_stm32f303xe.o(.text))
<BR>[Address Reference Count : 1]<UL><LI> startup_stm32f303xe.o(RESET)
</UL>
<P><STRONG><a name="[35]"></a>TIM8_BRK_IRQHandler</STRONG> (Thumb, 0 bytes, Stack size 0 bytes, startup_stm32f303xe.o(.text))
<BR>[Address Reference Count : 1]<UL><LI> startup_stm32f303xe.o(RESET)
</UL>
<P><STRONG><a name="[38]"></a>TIM8_CC_IRQHandler</STRONG> (Thumb, 0 bytes, Stack size 0 bytes, startup_stm32f303xe.o(.text))
<BR>[Address Reference Count : 1]<UL><LI> startup_stm32f303xe.o(RESET)
</UL>
<P><STRONG><a name="[37]"></a>TIM8_TRG_COM_IRQHandler</STRONG> (Thumb, 0 bytes, Stack size 0 bytes, startup_stm32f303xe.o(.text))
<BR>[Address Reference Count : 1]<UL><LI> startup_stm32f303xe.o(RESET)
</UL>
<P><STRONG><a name="[36]"></a>TIM8_UP_IRQHandler</STRONG> (Thumb, 0 bytes, Stack size 0 bytes, startup_stm32f303xe.o(.text))
<BR>[Address Reference Count : 1]<UL><LI> startup_stm32f303xe.o(RESET)
</UL>
<P><STRONG><a name="[3c]"></a>UART4_IRQHandler</STRONG> (Thumb, 0 bytes, Stack size 0 bytes, startup_stm32f303xe.o(.text))
<BR>[Address Reference Count : 1]<UL><LI> startup_stm32f303xe.o(RESET)
</UL>
<P><STRONG><a name="[3d]"></a>UART5_IRQHandler</STRONG> (Thumb, 0 bytes, Stack size 0 bytes, startup_stm32f303xe.o(.text))
<BR>[Address Reference Count : 1]<UL><LI> startup_stm32f303xe.o(RESET)
</UL>
<P><STRONG><a name="[2f]"></a>USART1_IRQHandler</STRONG> (Thumb, 0 bytes, Stack size 0 bytes, startup_stm32f303xe.o(.text))
<BR>[Address Reference Count : 1]<UL><LI> startup_stm32f303xe.o(RESET)
</UL>
<P><STRONG><a name="[30]"></a>USART2_IRQHandler</STRONG> (Thumb, 0 bytes, Stack size 0 bytes, startup_stm32f303xe.o(.text))
<BR>[Address Reference Count : 1]<UL><LI> startup_stm32f303xe.o(RESET)
</UL>
<P><STRONG><a name="[31]"></a>USART3_IRQHandler</STRONG> (Thumb, 0 bytes, Stack size 0 bytes, startup_stm32f303xe.o(.text))
<BR>[Address Reference Count : 1]<UL><LI> startup_stm32f303xe.o(RESET)
</UL>
<P><STRONG><a name="[34]"></a>USBWakeUp_IRQHandler</STRONG> (Thumb, 0 bytes, Stack size 0 bytes, startup_stm32f303xe.o(.text))
<BR>[Address Reference Count : 1]<UL><LI> startup_stm32f303xe.o(RESET)
</UL>
<P><STRONG><a name="[4d]"></a>USBWakeUp_RMP_IRQHandler</STRONG> (Thumb, 0 bytes, Stack size 0 bytes, startup_stm32f303xe.o(.text))
<BR>[Address Reference Count : 1]<UL><LI> startup_stm32f303xe.o(RESET)
</UL>
<P><STRONG><a name="[1d]"></a>USB_HP_CAN_TX_IRQHandler</STRONG> (Thumb, 0 bytes, Stack size 0 bytes, startup_stm32f303xe.o(.text))
<BR>[Address Reference Count : 1]<UL><LI> startup_stm32f303xe.o(RESET)
</UL>
<P><STRONG><a name="[4b]"></a>USB_HP_IRQHandler</STRONG> (Thumb, 0 bytes, Stack size 0 bytes, startup_stm32f303xe.o(.text))
<BR>[Address Reference Count : 1]<UL><LI> startup_stm32f303xe.o(RESET)
</UL>
<P><STRONG><a name="[1e]"></a>USB_LP_CAN_RX0_IRQHandler</STRONG> (Thumb, 0 bytes, Stack size 0 bytes, startup_stm32f303xe.o(.text))
<BR>[Address Reference Count : 1]<UL><LI> startup_stm32f303xe.o(RESET)
</UL>
<P><STRONG><a name="[4c]"></a>USB_LP_IRQHandler</STRONG> (Thumb, 0 bytes, Stack size 0 bytes, startup_stm32f303xe.o(.text))
<BR>[Address Reference Count : 1]<UL><LI> startup_stm32f303xe.o(RESET)
</UL>
<P><STRONG><a name="[a]"></a>WWDG_IRQHandler</STRONG> (Thumb, 0 bytes, Stack size 0 bytes, startup_stm32f303xe.o(.text))
<BR>[Address Reference Count : 1]<UL><LI> startup_stm32f303xe.o(RESET)
</UL>
<P><STRONG><a name="[59]"></a>__scatterload</STRONG> (Thumb, 28 bytes, Stack size 0 bytes, init.o(.text))
<BR><BR>[Calls]<UL><LI><a href="#[5a]">&gt;&gt;</a>&nbsp;&nbsp;&nbsp;__main_after_scatterload
</UL>
<BR>[Called By]<UL><LI><a href="#[58]">&gt;&gt;</a>&nbsp;&nbsp;&nbsp;_main_scatterload
</UL>

<P><STRONG><a name="[93]"></a>__scatterload_rt2</STRONG> (Thumb, 0 bytes, Stack size 0 bytes, init.o(.text), UNUSED)

<P><STRONG><a name="[4]"></a>BusFault_Handler</STRONG> (Thumb, 2 bytes, Stack size 0 bytes, stm32f3xx_it.o(i.BusFault_Handler))
<BR><BR>[Calls]<UL><LI><a href="#[4]">&gt;&gt;</a>&nbsp;&nbsp;&nbsp;BusFault_Handler
</UL>
<BR>[Called By]<UL><LI><a href="#[4]">&gt;&gt;</a>&nbsp;&nbsp;&nbsp;BusFault_Handler
</UL>
<BR>[Address Reference Count : 1]<UL><LI> startup_stm32f303xe.o(RESET)
</UL>
<P><STRONG><a name="[7]"></a>DebugMon_Handler</STRONG> (Thumb, 2 bytes, Stack size 0 bytes, stm32f3xx_it.o(i.DebugMon_Handler))
<BR>[Address Reference Count : 1]<UL><LI> startup_stm32f303xe.o(RESET)
</UL>
<P><STRONG><a name="[69]"></a>HAL_DMA_Abort_IT</STRONG> (Thumb, 74 bytes, Stack size 8 bytes, stm32f3xx_hal_dma.o(i.HAL_DMA_Abort_IT))
<BR><BR>[Stack]<UL><LI>Max Depth = 8<LI>Call Chain = HAL_DMA_Abort_IT
</UL>
<BR>[Called By]<UL><LI><a href="#[68]">&gt;&gt;</a>&nbsp;&nbsp;&nbsp;HAL_SPI_IRQHandler
</UL>

<P><STRONG><a name="[66]"></a>HAL_GPIO_Init</STRONG> (Thumb, 390 bytes, Stack size 40 bytes, stm32f3xx_hal_gpio.o(i.HAL_GPIO_Init))
<BR><BR>[Stack]<UL><LI>Max Depth = 40<LI>Call Chain = HAL_GPIO_Init
</UL>
<BR>[Called By]<UL><LI><a href="#[6c]">&gt;&gt;</a>&nbsp;&nbsp;&nbsp;HAL_SPI_MspInit
<LI><a href="#[65]">&gt;&gt;</a>&nbsp;&nbsp;&nbsp;HAL_RCC_MCOConfig
<LI><a href="#[75]">&gt;&gt;</a>&nbsp;&nbsp;&nbsp;MX_GPIO_Init
</UL>

<P><STRONG><a name="[76]"></a>HAL_GPIO_WritePin</STRONG> (Thumb, 10 bytes, Stack size 0 bytes, stm32f3xx_hal_gpio.o(i.HAL_GPIO_WritePin))
<BR><BR>[Called By]<UL><LI><a href="#[7f]">&gt;&gt;</a>&nbsp;&nbsp;&nbsp;enableChip
<LI><a href="#[7e]">&gt;&gt;</a>&nbsp;&nbsp;&nbsp;disableChip
<LI><a href="#[75]">&gt;&gt;</a>&nbsp;&nbsp;&nbsp;MX_GPIO_Init
</UL>

<P><STRONG><a name="[63]"></a>HAL_GetTick</STRONG> (Thumb, 6 bytes, Stack size 0 bytes, stm32f3xx_hal.o(i.HAL_GetTick))
<BR><BR>[Called By]<UL><LI><a href="#[78]">&gt;&gt;</a>&nbsp;&nbsp;&nbsp;SPI_WaitFlagStateUntilTimeout
<LI><a href="#[79]">&gt;&gt;</a>&nbsp;&nbsp;&nbsp;SPI_WaitFifoStateUntilTimeout
<LI><a href="#[71]">&gt;&gt;</a>&nbsp;&nbsp;&nbsp;HAL_SPI_Transmit
<LI><a href="#[6e]">&gt;&gt;</a>&nbsp;&nbsp;&nbsp;HAL_SPI_Receive
<LI><a href="#[67]">&gt;&gt;</a>&nbsp;&nbsp;&nbsp;HAL_RCC_OscConfig
<LI><a href="#[62]">&gt;&gt;</a>&nbsp;&nbsp;&nbsp;HAL_RCC_ClockConfig
<LI><a href="#[6f]">&gt;&gt;</a>&nbsp;&nbsp;&nbsp;HAL_SPI_TransmitReceive
</UL>

<P><STRONG><a name="[7a]"></a>HAL_IncTick</STRONG> (Thumb, 12 bytes, Stack size 0 bytes, stm32f3xx_hal.o(i.HAL_IncTick))
<BR><BR>[Called By]<UL><LI><a href="#[9]">&gt;&gt;</a>&nbsp;&nbsp;&nbsp;SysTick_Handler
</UL>

<P><STRONG><a name="[5b]"></a>HAL_Init</STRONG> (Thumb, 32 bytes, Stack size 8 bytes, stm32f3xx_hal.o(i.HAL_Init))
<BR><BR>[Stack]<UL><LI>Max Depth = 40<LI>Call Chain = HAL_Init &rArr; HAL_InitTick &rArr; HAL_NVIC_SetPriority
</UL>
<BR>[Calls]<UL><LI><a href="#[5c]">&gt;&gt;</a>&nbsp;&nbsp;&nbsp;HAL_NVIC_SetPriorityGrouping
<LI><a href="#[5e]">&gt;&gt;</a>&nbsp;&nbsp;&nbsp;HAL_MspInit
<LI><a href="#[5d]">&gt;&gt;</a>&nbsp;&nbsp;&nbsp;HAL_InitTick
</UL>
<BR>[Called By]<UL><LI><a href="#[54]">&gt;&gt;</a>&nbsp;&nbsp;&nbsp;main
</UL>

<P><STRONG><a name="[5d]"></a>HAL_InitTick</STRONG> (Thumb, 54 bytes, Stack size 16 bytes, stm32f3xx_hal.o(i.HAL_InitTick))
<BR><BR>[Stack]<UL><LI>Max Depth = 32<LI>Call Chain = HAL_InitTick &rArr; HAL_NVIC_SetPriority
</UL>
<BR>[Calls]<UL><LI><a href="#[5f]">&gt;&gt;</a>&nbsp;&nbsp;&nbsp;HAL_SYSTICK_Config
<LI><a href="#[60]">&gt;&gt;</a>&nbsp;&nbsp;&nbsp;HAL_NVIC_SetPriority
</UL>
<BR>[Called By]<UL><LI><a href="#[62]">&gt;&gt;</a>&nbsp;&nbsp;&nbsp;HAL_RCC_ClockConfig
<LI><a href="#[5b]">&gt;&gt;</a>&nbsp;&nbsp;&nbsp;HAL_Init
</UL>

<P><STRONG><a name="[5e]"></a>HAL_MspInit</STRONG> (Thumb, 106 bytes, Stack size 8 bytes, stm32f3xx_hal_msp.o(i.HAL_MspInit))
<BR><BR>[Stack]<UL><LI>Max Depth = 24<LI>Call Chain = HAL_MspInit &rArr; HAL_NVIC_SetPriority
</UL>
<BR>[Calls]<UL><LI><a href="#[5c]">&gt;&gt;</a>&nbsp;&nbsp;&nbsp;HAL_NVIC_SetPriorityGrouping
<LI><a href="#[60]">&gt;&gt;</a>&nbsp;&nbsp;&nbsp;HAL_NVIC_SetPriority
</UL>
<BR>[Called By]<UL><LI><a href="#[5b]">&gt;&gt;</a>&nbsp;&nbsp;&nbsp;HAL_Init
</UL>

<P><STRONG><a name="[6d]"></a>HAL_NVIC_EnableIRQ</STRONG> (Thumb, 22 bytes, Stack size 0 bytes, stm32f3xx_hal_cortex.o(i.HAL_NVIC_EnableIRQ))
<BR><BR>[Called By]<UL><LI><a href="#[6c]">&gt;&gt;</a>&nbsp;&nbsp;&nbsp;HAL_SPI_MspInit
</UL>

<P><STRONG><a name="[60]"></a>HAL_NVIC_SetPriority</STRONG> (Thumb, 60 bytes, Stack size 16 bytes, stm32f3xx_hal_cortex.o(i.HAL_NVIC_SetPriority))
<BR><BR>[Stack]<UL><LI>Max Depth = 16<LI>Call Chain = HAL_NVIC_SetPriority
</UL>
<BR>[Calls]<UL><LI><a href="#[61]">&gt;&gt;</a>&nbsp;&nbsp;&nbsp;NVIC_SetPriority
</UL>
<BR>[Called By]<UL><LI><a href="#[6c]">&gt;&gt;</a>&nbsp;&nbsp;&nbsp;HAL_SPI_MspInit
<LI><a href="#[5e]">&gt;&gt;</a>&nbsp;&nbsp;&nbsp;HAL_MspInit
<LI><a href="#[7b]">&gt;&gt;</a>&nbsp;&nbsp;&nbsp;SystemClock_Config
<LI><a href="#[5d]">&gt;&gt;</a>&nbsp;&nbsp;&nbsp;HAL_InitTick
</UL>

<P><STRONG><a name="[5c]"></a>HAL_NVIC_SetPriorityGrouping</STRONG> (Thumb, 26 bytes, Stack size 0 bytes, stm32f3xx_hal_cortex.o(i.HAL_NVIC_SetPriorityGrouping))
<BR><BR>[Called By]<UL><LI><a href="#[5e]">&gt;&gt;</a>&nbsp;&nbsp;&nbsp;HAL_MspInit
<LI><a href="#[5b]">&gt;&gt;</a>&nbsp;&nbsp;&nbsp;HAL_Init
</UL>

<P><STRONG><a name="[62]"></a>HAL_RCC_ClockConfig</STRONG> (Thumb, 366 bytes, Stack size 32 bytes, stm32f3xx_hal_rcc.o(i.HAL_RCC_ClockConfig))
<BR><BR>[Stack]<UL><LI>Max Depth = 64<LI>Call Chain = HAL_RCC_ClockConfig &rArr; HAL_InitTick &rArr; HAL_NVIC_SetPriority
</UL>
<BR>[Calls]<UL><LI><a href="#[64]">&gt;&gt;</a>&nbsp;&nbsp;&nbsp;HAL_RCC_GetSysClockFreq
<LI><a href="#[5d]">&gt;&gt;</a>&nbsp;&nbsp;&nbsp;HAL_InitTick
<LI><a href="#[63]">&gt;&gt;</a>&nbsp;&nbsp;&nbsp;HAL_GetTick
</UL>
<BR>[Called By]<UL><LI><a href="#[7b]">&gt;&gt;</a>&nbsp;&nbsp;&nbsp;SystemClock_Config
</UL>

<P><STRONG><a name="[7c]"></a>HAL_RCC_GetHCLKFreq</STRONG> (Thumb, 6 bytes, Stack size 0 bytes, stm32f3xx_hal_rcc.o(i.HAL_RCC_GetHCLKFreq))
<BR><BR>[Called By]<UL><LI><a href="#[7b]">&gt;&gt;</a>&nbsp;&nbsp;&nbsp;SystemClock_Config
</UL>

<P><STRONG><a name="[64]"></a>HAL_RCC_GetSysClockFreq</STRONG> (Thumb, 76 bytes, Stack size 8 bytes, stm32f3xx_hal_rcc.o(i.HAL_RCC_GetSysClockFreq))
<BR><BR>[Stack]<UL><LI>Max Depth = 8<LI>Call Chain = HAL_RCC_GetSysClockFreq
</UL>
<BR>[Called By]<UL><LI><a href="#[62]">&gt;&gt;</a>&nbsp;&nbsp;&nbsp;HAL_RCC_ClockConfig
</UL>

<P><STRONG><a name="[65]"></a>HAL_RCC_MCOConfig</STRONG> (Thumb, 72 bytes, Stack size 40 bytes, stm32f3xx_hal_rcc.o(i.HAL_RCC_MCOConfig))
<BR><BR>[Stack]<UL><LI>Max Depth = 80<LI>Call Chain = HAL_RCC_MCOConfig &rArr; HAL_GPIO_Init
</UL>
<BR>[Calls]<UL><LI><a href="#[66]">&gt;&gt;</a>&nbsp;&nbsp;&nbsp;HAL_GPIO_Init
</UL>
<BR>[Called By]<UL><LI><a href="#[7b]">&gt;&gt;</a>&nbsp;&nbsp;&nbsp;SystemClock_Config
</UL>

<P><STRONG><a name="[67]"></a>HAL_RCC_OscConfig</STRONG> (Thumb, 1450 bytes, Stack size 40 bytes, stm32f3xx_hal_rcc.o(i.HAL_RCC_OscConfig))
<BR><BR>[Stack]<UL><LI>Max Depth = 40<LI>Call Chain = HAL_RCC_OscConfig
</UL>
<BR>[Calls]<UL><LI><a href="#[63]">&gt;&gt;</a>&nbsp;&nbsp;&nbsp;HAL_GetTick
</UL>
<BR>[Called By]<UL><LI><a href="#[7b]">&gt;&gt;</a>&nbsp;&nbsp;&nbsp;SystemClock_Config
</UL>

<P><STRONG><a name="[6a]"></a>HAL_SPI_ErrorCallback</STRONG> (Thumb, 2 bytes, Stack size 0 bytes, stm32f3xx_hal_spi.o(i.HAL_SPI_ErrorCallback))
<BR><BR>[Called By]<UL><LI><a href="#[57]">&gt;&gt;</a>&nbsp;&nbsp;&nbsp;SPI_DMAAbortOnError
<LI><a href="#[68]">&gt;&gt;</a>&nbsp;&nbsp;&nbsp;HAL_SPI_IRQHandler
</UL>

<P><STRONG><a name="[68]"></a>HAL_SPI_IRQHandler</STRONG> (Thumb, 212 bytes, Stack size 16 bytes, stm32f3xx_hal_spi.o(i.HAL_SPI_IRQHandler))
<BR><BR>[Stack]<UL><LI>Max Depth = 24<LI>Call Chain = HAL_SPI_IRQHandler &rArr; HAL_DMA_Abort_IT
</UL>
<BR>[Calls]<UL><LI><a href="#[6a]">&gt;&gt;</a>&nbsp;&nbsp;&nbsp;HAL_SPI_ErrorCallback
<LI><a href="#[69]">&gt;&gt;</a>&nbsp;&nbsp;&nbsp;HAL_DMA_Abort_IT
</UL>
<BR>[Called By]<UL><LI><a href="#[2d]">&gt;&gt;</a>&nbsp;&nbsp;&nbsp;SPI1_IRQHandler
</UL>

<P><STRONG><a name="[6b]"></a>HAL_SPI_Init</STRONG> (Thumb, 182 bytes, Stack size 24 bytes, stm32f3xx_hal_spi.o(i.HAL_SPI_Init))
<BR><BR>[Stack]<UL><LI>Max Depth = 96<LI>Call Chain = HAL_SPI_Init &rArr; HAL_SPI_MspInit &rArr; HAL_GPIO_Init
</UL>
<BR>[Calls]<UL><LI><a href="#[6c]">&gt;&gt;</a>&nbsp;&nbsp;&nbsp;HAL_SPI_MspInit
</UL>
<BR>[Called By]<UL><LI><a href="#[77]">&gt;&gt;</a>&nbsp;&nbsp;&nbsp;MX_SPI1_Init
</UL>

<P><STRONG><a name="[6c]"></a>HAL_SPI_MspInit</STRONG> (Thumb, 80 bytes, Stack size 32 bytes, stm32f3xx_hal_msp.o(i.HAL_SPI_MspInit))
<BR><BR>[Stack]<UL><LI>Max Depth = 72<LI>Call Chain = HAL_SPI_MspInit &rArr; HAL_GPIO_Init
</UL>
<BR>[Calls]<UL><LI><a href="#[6d]">&gt;&gt;</a>&nbsp;&nbsp;&nbsp;HAL_NVIC_EnableIRQ
<LI><a href="#[60]">&gt;&gt;</a>&nbsp;&nbsp;&nbsp;HAL_NVIC_SetPriority
<LI><a href="#[66]">&gt;&gt;</a>&nbsp;&nbsp;&nbsp;HAL_GPIO_Init
</UL>
<BR>[Called By]<UL><LI><a href="#[6b]">&gt;&gt;</a>&nbsp;&nbsp;&nbsp;HAL_SPI_Init
</UL>

<P><STRONG><a name="[6e]"></a>HAL_SPI_Receive</STRONG> (Thumb, 352 bytes, Stack size 40 bytes, stm32f3xx_hal_spi.o(i.HAL_SPI_Receive))
<BR><BR>[Stack]<UL><LI>Max Depth = 136<LI>Call Chain = HAL_SPI_Receive &rArr; HAL_SPI_TransmitReceive &rArr; SPI_EndRxTxTransaction &rArr; SPI_WaitFifoStateUntilTimeout
</UL>
<BR>[Calls]<UL><LI><a href="#[70]">&gt;&gt;</a>&nbsp;&nbsp;&nbsp;SPI_EndRxTransaction
<LI><a href="#[63]">&gt;&gt;</a>&nbsp;&nbsp;&nbsp;HAL_GetTick
<LI><a href="#[6f]">&gt;&gt;</a>&nbsp;&nbsp;&nbsp;HAL_SPI_TransmitReceive
</UL>
<BR>[Called By]<UL><LI><a href="#[88]">&gt;&gt;</a>&nbsp;&nbsp;&nbsp;mfrc522_readRegister
</UL>

<P><STRONG><a name="[71]"></a>HAL_SPI_Transmit</STRONG> (Thumb, 370 bytes, Stack size 40 bytes, stm32f3xx_hal_spi.o(i.HAL_SPI_Transmit))
<BR><BR>[Stack]<UL><LI>Max Depth = 96<LI>Call Chain = HAL_SPI_Transmit &rArr; SPI_EndRxTxTransaction &rArr; SPI_WaitFifoStateUntilTimeout
</UL>
<BR>[Calls]<UL><LI><a href="#[72]">&gt;&gt;</a>&nbsp;&nbsp;&nbsp;SPI_EndRxTxTransaction
<LI><a href="#[63]">&gt;&gt;</a>&nbsp;&nbsp;&nbsp;HAL_GetTick
</UL>
<BR>[Called By]<UL><LI><a href="#[83]">&gt;&gt;</a>&nbsp;&nbsp;&nbsp;mfrc522_writeRegister
<LI><a href="#[88]">&gt;&gt;</a>&nbsp;&nbsp;&nbsp;mfrc522_readRegister
</UL>

<P><STRONG><a name="[6f]"></a>HAL_SPI_TransmitReceive</STRONG> (Thumb, 558 bytes, Stack size 40 bytes, stm32f3xx_hal_spi.o(i.HAL_SPI_TransmitReceive))
<BR><BR>[Stack]<UL><LI>Max Depth = 96<LI>Call Chain = HAL_SPI_TransmitReceive &rArr; SPI_EndRxTxTransaction &rArr; SPI_WaitFifoStateUntilTimeout
</UL>
<BR>[Calls]<UL><LI><a href="#[72]">&gt;&gt;</a>&nbsp;&nbsp;&nbsp;SPI_EndRxTxTransaction
<LI><a href="#[63]">&gt;&gt;</a>&nbsp;&nbsp;&nbsp;HAL_GetTick
</UL>
<BR>[Called By]<UL><LI><a href="#[6e]">&gt;&gt;</a>&nbsp;&nbsp;&nbsp;HAL_SPI_Receive
</UL>

<P><STRONG><a name="[7d]"></a>HAL_SYSTICK_CLKSourceConfig</STRONG> (Thumb, 24 bytes, Stack size 0 bytes, stm32f3xx_hal_cortex.o(i.HAL_SYSTICK_CLKSourceConfig))
<BR><BR>[Called By]<UL><LI><a href="#[7b]">&gt;&gt;</a>&nbsp;&nbsp;&nbsp;SystemClock_Config
</UL>

<P><STRONG><a name="[74]"></a>HAL_SYSTICK_Callback</STRONG> (Thumb, 2 bytes, Stack size 0 bytes, stm32f3xx_hal_cortex.o(i.HAL_SYSTICK_Callback))
<BR><BR>[Called By]<UL><LI><a href="#[73]">&gt;&gt;</a>&nbsp;&nbsp;&nbsp;HAL_SYSTICK_IRQHandler
</UL>

<P><STRONG><a name="[5f]"></a>HAL_SYSTICK_Config</STRONG> (Thumb, 40 bytes, Stack size 8 bytes, stm32f3xx_hal_cortex.o(i.HAL_SYSTICK_Config))
<BR><BR>[Stack]<UL><LI>Max Depth = 8<LI>Call Chain = HAL_SYSTICK_Config
</UL>
<BR>[Calls]<UL><LI><a href="#[61]">&gt;&gt;</a>&nbsp;&nbsp;&nbsp;NVIC_SetPriority
</UL>
<BR>[Called By]<UL><LI><a href="#[7b]">&gt;&gt;</a>&nbsp;&nbsp;&nbsp;SystemClock_Config
<LI><a href="#[5d]">&gt;&gt;</a>&nbsp;&nbsp;&nbsp;HAL_InitTick
</UL>

<P><STRONG><a name="[73]"></a>HAL_SYSTICK_IRQHandler</STRONG> (Thumb, 8 bytes, Stack size 8 bytes, stm32f3xx_hal_cortex.o(i.HAL_SYSTICK_IRQHandler))
<BR><BR>[Stack]<UL><LI>Max Depth = 8<LI>Call Chain = HAL_SYSTICK_IRQHandler
</UL>
<BR>[Calls]<UL><LI><a href="#[74]">&gt;&gt;</a>&nbsp;&nbsp;&nbsp;HAL_SYSTICK_Callback
</UL>
<BR>[Called By]<UL><LI><a href="#[9]">&gt;&gt;</a>&nbsp;&nbsp;&nbsp;SysTick_Handler
</UL>

<P><STRONG><a name="[2]"></a>HardFault_Handler</STRONG> (Thumb, 2 bytes, Stack size 0 bytes, stm32f3xx_it.o(i.HardFault_Handler))
<BR><BR>[Calls]<UL><LI><a href="#[2]">&gt;&gt;</a>&nbsp;&nbsp;&nbsp;HardFault_Handler
</UL>
<BR>[Called By]<UL><LI><a href="#[2]">&gt;&gt;</a>&nbsp;&nbsp;&nbsp;HardFault_Handler
</UL>
<BR>[Address Reference Count : 1]<UL><LI> startup_stm32f303xe.o(RESET)
</UL>
<P><STRONG><a name="[3]"></a>MemManage_Handler</STRONG> (Thumb, 2 bytes, Stack size 0 bytes, stm32f3xx_it.o(i.MemManage_Handler))
<BR><BR>[Calls]<UL><LI><a href="#[3]">&gt;&gt;</a>&nbsp;&nbsp;&nbsp;MemManage_Handler
</UL>
<BR>[Called By]<UL><LI><a href="#[3]">&gt;&gt;</a>&nbsp;&nbsp;&nbsp;MemManage_Handler
</UL>
<BR>[Address Reference Count : 1]<UL><LI> startup_stm32f303xe.o(RESET)
</UL>
<P><STRONG><a name="[1]"></a>NMI_Handler</STRONG> (Thumb, 2 bytes, Stack size 0 bytes, stm32f3xx_it.o(i.NMI_Handler))
<BR>[Address Reference Count : 1]<UL><LI> startup_stm32f303xe.o(RESET)
</UL>
<P><STRONG><a name="[8]"></a>PendSV_Handler</STRONG> (Thumb, 2 bytes, Stack size 0 bytes, stm32f3xx_it.o(i.PendSV_Handler))
<BR>[Address Reference Count : 1]<UL><LI> startup_stm32f303xe.o(RESET)
</UL>
<P><STRONG><a name="[2d]"></a>SPI1_IRQHandler</STRONG> (Thumb, 6 bytes, Stack size 0 bytes, stm32f3xx_it.o(i.SPI1_IRQHandler))
<BR><BR>[Stack]<UL><LI>Max Depth = 24<LI>Call Chain = SPI1_IRQHandler &rArr; HAL_SPI_IRQHandler &rArr; HAL_DMA_Abort_IT
</UL>
<BR>[Calls]<UL><LI><a href="#[68]">&gt;&gt;</a>&nbsp;&nbsp;&nbsp;HAL_SPI_IRQHandler
</UL>
<BR>[Address Reference Count : 1]<UL><LI> startup_stm32f303xe.o(RESET)
</UL>
<P><STRONG><a name="[6]"></a>SVC_Handler</STRONG> (Thumb, 2 bytes, Stack size 0 bytes, stm32f3xx_it.o(i.SVC_Handler))
<BR>[Address Reference Count : 1]<UL><LI> startup_stm32f303xe.o(RESET)
</UL>
<P><STRONG><a name="[9]"></a>SysTick_Handler</STRONG> (Thumb, 14 bytes, Stack size 8 bytes, stm32f3xx_it.o(i.SysTick_Handler))
<BR><BR>[Stack]<UL><LI>Max Depth = 16<LI>Call Chain = SysTick_Handler &rArr; HAL_SYSTICK_IRQHandler
</UL>
<BR>[Calls]<UL><LI><a href="#[73]">&gt;&gt;</a>&nbsp;&nbsp;&nbsp;HAL_SYSTICK_IRQHandler
<LI><a href="#[7a]">&gt;&gt;</a>&nbsp;&nbsp;&nbsp;HAL_IncTick
</UL>
<BR>[Address Reference Count : 1]<UL><LI> startup_stm32f303xe.o(RESET)
</UL>
<P><STRONG><a name="[7b]"></a>SystemClock_Config</STRONG> (Thumb, 102 bytes, Stack size 72 bytes, main.o(i.SystemClock_Config))
<BR><BR>[Stack]<UL><LI>Max Depth = 152<LI>Call Chain = SystemClock_Config &rArr; HAL_RCC_MCOConfig &rArr; HAL_GPIO_Init
</UL>
<BR>[Calls]<UL><LI><a href="#[5f]">&gt;&gt;</a>&nbsp;&nbsp;&nbsp;HAL_SYSTICK_Config
<LI><a href="#[7d]">&gt;&gt;</a>&nbsp;&nbsp;&nbsp;HAL_SYSTICK_CLKSourceConfig
<LI><a href="#[67]">&gt;&gt;</a>&nbsp;&nbsp;&nbsp;HAL_RCC_OscConfig
<LI><a href="#[65]">&gt;&gt;</a>&nbsp;&nbsp;&nbsp;HAL_RCC_MCOConfig
<LI><a href="#[7c]">&gt;&gt;</a>&nbsp;&nbsp;&nbsp;HAL_RCC_GetHCLKFreq
<LI><a href="#[62]">&gt;&gt;</a>&nbsp;&nbsp;&nbsp;HAL_RCC_ClockConfig
<LI><a href="#[60]">&gt;&gt;</a>&nbsp;&nbsp;&nbsp;HAL_NVIC_SetPriority
</UL>
<BR>[Called By]<UL><LI><a href="#[54]">&gt;&gt;</a>&nbsp;&nbsp;&nbsp;main
</UL>

<P><STRONG><a name="[55]"></a>SystemInit</STRONG> (Thumb, 82 bytes, Stack size 0 bytes, system_stm32f3xx.o(i.SystemInit))
<BR>[Address Reference Count : 1]<UL><LI> startup_stm32f303xe.o(.text)
</UL>
<P><STRONG><a name="[5]"></a>UsageFault_Handler</STRONG> (Thumb, 2 bytes, Stack size 0 bytes, stm32f3xx_it.o(i.UsageFault_Handler))
<BR><BR>[Calls]<UL><LI><a href="#[5]">&gt;&gt;</a>&nbsp;&nbsp;&nbsp;UsageFault_Handler
</UL>
<BR>[Called By]<UL><LI><a href="#[5]">&gt;&gt;</a>&nbsp;&nbsp;&nbsp;UsageFault_Handler
</UL>
<BR>[Address Reference Count : 1]<UL><LI> startup_stm32f303xe.o(RESET)
</UL>
<P><STRONG><a name="[94]"></a>__scatterload_copy</STRONG> (Thumb, 14 bytes, Stack size unknown bytes, handlers.o(i.__scatterload_copy), UNUSED)

<P><STRONG><a name="[95]"></a>__scatterload_null</STRONG> (Thumb, 2 bytes, Stack size unknown bytes, handlers.o(i.__scatterload_null), UNUSED)

<P><STRONG><a name="[96]"></a>__scatterload_zeroinit</STRONG> (Thumb, 14 bytes, Stack size unknown bytes, handlers.o(i.__scatterload_zeroinit), UNUSED)

<P><STRONG><a name="[7e]"></a>disableChip</STRONG> (Thumb, 10 bytes, Stack size 0 bytes, main.o(i.disableChip))
<BR><BR>[Calls]<UL><LI><a href="#[76]">&gt;&gt;</a>&nbsp;&nbsp;&nbsp;HAL_GPIO_WritePin
</UL>
<BR>[Called By]<UL><LI><a href="#[83]">&gt;&gt;</a>&nbsp;&nbsp;&nbsp;mfrc522_writeRegister
<LI><a href="#[88]">&gt;&gt;</a>&nbsp;&nbsp;&nbsp;mfrc522_readRegister
</UL>

<P><STRONG><a name="[7f]"></a>enableChip</STRONG> (Thumb, 10 bytes, Stack size 0 bytes, main.o(i.enableChip))
<BR><BR>[Calls]<UL><LI><a href="#[76]">&gt;&gt;</a>&nbsp;&nbsp;&nbsp;HAL_GPIO_WritePin
</UL>
<BR>[Called By]<UL><LI><a href="#[83]">&gt;&gt;</a>&nbsp;&nbsp;&nbsp;mfrc522_writeRegister
<LI><a href="#[88]">&gt;&gt;</a>&nbsp;&nbsp;&nbsp;mfrc522_readRegister
</UL>

<P><STRONG><a name="[54]"></a>main</STRONG> (Thumb, 50 bytes, Stack size 16 bytes, main.o(i.main))
<BR><BR>[Stack]<UL><LI>Max Depth = 280<LI>Call Chain = main &rArr; mfrc522_check &rArr; mfrc522_Request &rArr; mfrc522_toCard &rArr; mfrc522_SetBitMask &rArr; mfrc522_readRegister &rArr; HAL_SPI_Receive &rArr; HAL_SPI_TransmitReceive &rArr; SPI_EndRxTxTransaction &rArr; SPI_WaitFifoStateUntilTimeout
</UL>
<BR>[Calls]<UL><LI><a href="#[5b]">&gt;&gt;</a>&nbsp;&nbsp;&nbsp;HAL_Init
<LI><a href="#[81]">&gt;&gt;</a>&nbsp;&nbsp;&nbsp;mfrc522_check
<LI><a href="#[80]">&gt;&gt;</a>&nbsp;&nbsp;&nbsp;mfrc522_Init
<LI><a href="#[7b]">&gt;&gt;</a>&nbsp;&nbsp;&nbsp;SystemClock_Config
<LI><a href="#[77]">&gt;&gt;</a>&nbsp;&nbsp;&nbsp;MX_SPI1_Init
<LI><a href="#[75]">&gt;&gt;</a>&nbsp;&nbsp;&nbsp;MX_GPIO_Init
</UL>
<BR>[Address Reference Count : 1]<UL><LI> entry9a.o(.ARM.Collect$$$$0000000B)
</UL>
<P><STRONG><a name="[82]"></a>mfrc522_AntiColl</STRONG> (Thumb, 66 bytes, Stack size 24 bytes, main.o(i.mfrc522_AntiColl))
<BR><BR>[Stack]<UL><LI>Max Depth = 248<LI>Call Chain = mfrc522_AntiColl &rArr; mfrc522_toCard &rArr; mfrc522_SetBitMask &rArr; mfrc522_readRegister &rArr; HAL_SPI_Receive &rArr; HAL_SPI_TransmitReceive &rArr; SPI_EndRxTxTransaction &rArr; SPI_WaitFifoStateUntilTimeout
</UL>
<BR>[Calls]<UL><LI><a href="#[83]">&gt;&gt;</a>&nbsp;&nbsp;&nbsp;mfrc522_writeRegister
<LI><a href="#[84]">&gt;&gt;</a>&nbsp;&nbsp;&nbsp;mfrc522_toCard
</UL>
<BR>[Called By]<UL><LI><a href="#[81]">&gt;&gt;</a>&nbsp;&nbsp;&nbsp;mfrc522_check
</UL>

<P><STRONG><a name="[85]"></a>mfrc522_CalculateCRC</STRONG> (Thumb, 94 bytes, Stack size 24 bytes, main.o(i.mfrc522_CalculateCRC))
<BR><BR>[Stack]<UL><LI>Max Depth = 192<LI>Call Chain = mfrc522_CalculateCRC &rArr; mfrc522_SetBitMask &rArr; mfrc522_readRegister &rArr; HAL_SPI_Receive &rArr; HAL_SPI_TransmitReceive &rArr; SPI_EndRxTxTransaction &rArr; SPI_WaitFifoStateUntilTimeout
</UL>
<BR>[Calls]<UL><LI><a href="#[83]">&gt;&gt;</a>&nbsp;&nbsp;&nbsp;mfrc522_writeRegister
<LI><a href="#[88]">&gt;&gt;</a>&nbsp;&nbsp;&nbsp;mfrc522_readRegister
<LI><a href="#[87]">&gt;&gt;</a>&nbsp;&nbsp;&nbsp;mfrc522_SetBitMask
<LI><a href="#[86]">&gt;&gt;</a>&nbsp;&nbsp;&nbsp;mfrc522_ClearBitMask
</UL>
<BR>[Called By]<UL><LI><a href="#[89]">&gt;&gt;</a>&nbsp;&nbsp;&nbsp;mfrc522_Halt
</UL>

<P><STRONG><a name="[86]"></a>mfrc522_ClearBitMask</STRONG> (Thumb, 24 bytes, Stack size 16 bytes, main.o(i.mfrc522_ClearBitMask))
<BR><BR>[Stack]<UL><LI>Max Depth = 168<LI>Call Chain = mfrc522_ClearBitMask &rArr; mfrc522_readRegister &rArr; HAL_SPI_Receive &rArr; HAL_SPI_TransmitReceive &rArr; SPI_EndRxTxTransaction &rArr; SPI_WaitFifoStateUntilTimeout
</UL>
<BR>[Calls]<UL><LI><a href="#[83]">&gt;&gt;</a>&nbsp;&nbsp;&nbsp;mfrc522_writeRegister
<LI><a href="#[88]">&gt;&gt;</a>&nbsp;&nbsp;&nbsp;mfrc522_readRegister
</UL>
<BR>[Called By]<UL><LI><a href="#[84]">&gt;&gt;</a>&nbsp;&nbsp;&nbsp;mfrc522_toCard
<LI><a href="#[85]">&gt;&gt;</a>&nbsp;&nbsp;&nbsp;mfrc522_CalculateCRC
</UL>

<P><STRONG><a name="[89]"></a>mfrc522_Halt</STRONG> (Thumb, 44 bytes, Stack size 16 bytes, main.o(i.mfrc522_Halt))
<BR><BR>[Stack]<UL><LI>Max Depth = 240<LI>Call Chain = mfrc522_Halt &rArr; mfrc522_toCard &rArr; mfrc522_SetBitMask &rArr; mfrc522_readRegister &rArr; HAL_SPI_Receive &rArr; HAL_SPI_TransmitReceive &rArr; SPI_EndRxTxTransaction &rArr; SPI_WaitFifoStateUntilTimeout
</UL>
<BR>[Calls]<UL><LI><a href="#[84]">&gt;&gt;</a>&nbsp;&nbsp;&nbsp;mfrc522_toCard
<LI><a href="#[85]">&gt;&gt;</a>&nbsp;&nbsp;&nbsp;mfrc522_CalculateCRC
</UL>
<BR>[Called By]<UL><LI><a href="#[81]">&gt;&gt;</a>&nbsp;&nbsp;&nbsp;mfrc522_check
</UL>

<P><STRONG><a name="[80]"></a>mfrc522_Init</STRONG> (Thumb, 80 bytes, Stack size 16 bytes, main.o(i.mfrc522_Init))
<BR><BR>[Stack]<UL><LI>Max Depth = 192<LI>Call Chain = mfrc522_Init &rArr; mfrc522_antennaOn &rArr; mfrc522_SetBitMask &rArr; mfrc522_readRegister &rArr; HAL_SPI_Receive &rArr; HAL_SPI_TransmitReceive &rArr; SPI_EndRxTxTransaction &rArr; SPI_WaitFifoStateUntilTimeout
</UL>
<BR>[Calls]<UL><LI><a href="#[83]">&gt;&gt;</a>&nbsp;&nbsp;&nbsp;mfrc522_writeRegister
<LI><a href="#[8a]">&gt;&gt;</a>&nbsp;&nbsp;&nbsp;mfrc522_reset
<LI><a href="#[8b]">&gt;&gt;</a>&nbsp;&nbsp;&nbsp;mfrc522_antennaOn
</UL>
<BR>[Called By]<UL><LI><a href="#[54]">&gt;&gt;</a>&nbsp;&nbsp;&nbsp;main
</UL>

<P><STRONG><a name="[8c]"></a>mfrc522_Request</STRONG> (Thumb, 46 bytes, Stack size 24 bytes, main.o(i.mfrc522_Request))
<BR><BR>[Stack]<UL><LI>Max Depth = 248<LI>Call Chain = mfrc522_Request &rArr; mfrc522_toCard &rArr; mfrc522_SetBitMask &rArr; mfrc522_readRegister &rArr; HAL_SPI_Receive &rArr; HAL_SPI_TransmitReceive &rArr; SPI_EndRxTxTransaction &rArr; SPI_WaitFifoStateUntilTimeout
</UL>
<BR>[Calls]<UL><LI><a href="#[83]">&gt;&gt;</a>&nbsp;&nbsp;&nbsp;mfrc522_writeRegister
<LI><a href="#[84]">&gt;&gt;</a>&nbsp;&nbsp;&nbsp;mfrc522_toCard
</UL>
<BR>[Called By]<UL><LI><a href="#[81]">&gt;&gt;</a>&nbsp;&nbsp;&nbsp;mfrc522_check
</UL>

<P><STRONG><a name="[87]"></a>mfrc522_SetBitMask</STRONG> (Thumb, 24 bytes, Stack size 16 bytes, main.o(i.mfrc522_SetBitMask))
<BR><BR>[Stack]<UL><LI>Max Depth = 168<LI>Call Chain = mfrc522_SetBitMask &rArr; mfrc522_readRegister &rArr; HAL_SPI_Receive &rArr; HAL_SPI_TransmitReceive &rArr; SPI_EndRxTxTransaction &rArr; SPI_WaitFifoStateUntilTimeout
</UL>
<BR>[Calls]<UL><LI><a href="#[83]">&gt;&gt;</a>&nbsp;&nbsp;&nbsp;mfrc522_writeRegister
<LI><a href="#[88]">&gt;&gt;</a>&nbsp;&nbsp;&nbsp;mfrc522_readRegister
</UL>
<BR>[Called By]<UL><LI><a href="#[84]">&gt;&gt;</a>&nbsp;&nbsp;&nbsp;mfrc522_toCard
<LI><a href="#[8b]">&gt;&gt;</a>&nbsp;&nbsp;&nbsp;mfrc522_antennaOn
<LI><a href="#[85]">&gt;&gt;</a>&nbsp;&nbsp;&nbsp;mfrc522_CalculateCRC
</UL>

<P><STRONG><a name="[8b]"></a>mfrc522_antennaOn</STRONG> (Thumb, 28 bytes, Stack size 8 bytes, main.o(i.mfrc522_antennaOn))
<BR><BR>[Stack]<UL><LI>Max Depth = 176<LI>Call Chain = mfrc522_antennaOn &rArr; mfrc522_SetBitMask &rArr; mfrc522_readRegister &rArr; HAL_SPI_Receive &rArr; HAL_SPI_TransmitReceive &rArr; SPI_EndRxTxTransaction &rArr; SPI_WaitFifoStateUntilTimeout
</UL>
<BR>[Calls]<UL><LI><a href="#[88]">&gt;&gt;</a>&nbsp;&nbsp;&nbsp;mfrc522_readRegister
<LI><a href="#[87]">&gt;&gt;</a>&nbsp;&nbsp;&nbsp;mfrc522_SetBitMask
</UL>
<BR>[Called By]<UL><LI><a href="#[80]">&gt;&gt;</a>&nbsp;&nbsp;&nbsp;mfrc522_Init
</UL>

<P><STRONG><a name="[81]"></a>mfrc522_check</STRONG> (Thumb, 32 bytes, Stack size 16 bytes, main.o(i.mfrc522_check))
<BR><BR>[Stack]<UL><LI>Max Depth = 264<LI>Call Chain = mfrc522_check &rArr; mfrc522_Request &rArr; mfrc522_toCard &rArr; mfrc522_SetBitMask &rArr; mfrc522_readRegister &rArr; HAL_SPI_Receive &rArr; HAL_SPI_TransmitReceive &rArr; SPI_EndRxTxTransaction &rArr; SPI_WaitFifoStateUntilTimeout
</UL>
<BR>[Calls]<UL><LI><a href="#[8c]">&gt;&gt;</a>&nbsp;&nbsp;&nbsp;mfrc522_Request
<LI><a href="#[89]">&gt;&gt;</a>&nbsp;&nbsp;&nbsp;mfrc522_Halt
<LI><a href="#[82]">&gt;&gt;</a>&nbsp;&nbsp;&nbsp;mfrc522_AntiColl
</UL>
<BR>[Called By]<UL><LI><a href="#[54]">&gt;&gt;</a>&nbsp;&nbsp;&nbsp;main
</UL>

<P><STRONG><a name="[88]"></a>mfrc522_readRegister</STRONG> (Thumb, 60 bytes, Stack size 16 bytes, main.o(i.mfrc522_readRegister))
<BR><BR>[Stack]<UL><LI>Max Depth = 152<LI>Call Chain = mfrc522_readRegister &rArr; HAL_SPI_Receive &rArr; HAL_SPI_TransmitReceive &rArr; SPI_EndRxTxTransaction &rArr; SPI_WaitFifoStateUntilTimeout
</UL>
<BR>[Calls]<UL><LI><a href="#[71]">&gt;&gt;</a>&nbsp;&nbsp;&nbsp;HAL_SPI_Transmit
<LI><a href="#[6e]">&gt;&gt;</a>&nbsp;&nbsp;&nbsp;HAL_SPI_Receive
<LI><a href="#[7f]">&gt;&gt;</a>&nbsp;&nbsp;&nbsp;enableChip
<LI><a href="#[7e]">&gt;&gt;</a>&nbsp;&nbsp;&nbsp;disableChip
</UL>
<BR>[Called By]<UL><LI><a href="#[84]">&gt;&gt;</a>&nbsp;&nbsp;&nbsp;mfrc522_toCard
<LI><a href="#[8b]">&gt;&gt;</a>&nbsp;&nbsp;&nbsp;mfrc522_antennaOn
<LI><a href="#[87]">&gt;&gt;</a>&nbsp;&nbsp;&nbsp;mfrc522_SetBitMask
<LI><a href="#[86]">&gt;&gt;</a>&nbsp;&nbsp;&nbsp;mfrc522_ClearBitMask
<LI><a href="#[85]">&gt;&gt;</a>&nbsp;&nbsp;&nbsp;mfrc522_CalculateCRC
</UL>

<P><STRONG><a name="[8a]"></a>mfrc522_reset</STRONG> (Thumb, 8 bytes, Stack size 0 bytes, main.o(i.mfrc522_reset))
<BR><BR>[Stack]<UL><LI>Max Depth = 112<LI>Call Chain = mfrc522_reset &rArr; mfrc522_writeRegister &rArr; HAL_SPI_Transmit &rArr; SPI_EndRxTxTransaction &rArr; SPI_WaitFifoStateUntilTimeout
</UL>
<BR>[Calls]<UL><LI><a href="#[83]">&gt;&gt;</a>&nbsp;&nbsp;&nbsp;mfrc522_writeRegister
</UL>
<BR>[Called By]<UL><LI><a href="#[80]">&gt;&gt;</a>&nbsp;&nbsp;&nbsp;mfrc522_Init
</UL>

<P><STRONG><a name="[84]"></a>mfrc522_toCard</STRONG> (Thumb, 276 bytes, Stack size 56 bytes, main.o(i.mfrc522_toCard))
<BR><BR>[Stack]<UL><LI>Max Depth = 224<LI>Call Chain = mfrc522_toCard &rArr; mfrc522_SetBitMask &rArr; mfrc522_readRegister &rArr; HAL_SPI_Receive &rArr; HAL_SPI_TransmitReceive &rArr; SPI_EndRxTxTransaction &rArr; SPI_WaitFifoStateUntilTimeout
</UL>
<BR>[Calls]<UL><LI><a href="#[83]">&gt;&gt;</a>&nbsp;&nbsp;&nbsp;mfrc522_writeRegister
<LI><a href="#[88]">&gt;&gt;</a>&nbsp;&nbsp;&nbsp;mfrc522_readRegister
<LI><a href="#[87]">&gt;&gt;</a>&nbsp;&nbsp;&nbsp;mfrc522_SetBitMask
<LI><a href="#[86]">&gt;&gt;</a>&nbsp;&nbsp;&nbsp;mfrc522_ClearBitMask
</UL>
<BR>[Called By]<UL><LI><a href="#[8c]">&gt;&gt;</a>&nbsp;&nbsp;&nbsp;mfrc522_Request
<LI><a href="#[89]">&gt;&gt;</a>&nbsp;&nbsp;&nbsp;mfrc522_Halt
<LI><a href="#[82]">&gt;&gt;</a>&nbsp;&nbsp;&nbsp;mfrc522_AntiColl
</UL>

<P><STRONG><a name="[83]"></a>mfrc522_writeRegister</STRONG> (Thumb, 62 bytes, Stack size 16 bytes, main.o(i.mfrc522_writeRegister))
<BR><BR>[Stack]<UL><LI>Max Depth = 112<LI>Call Chain = mfrc522_writeRegister &rArr; HAL_SPI_Transmit &rArr; SPI_EndRxTxTransaction &rArr; SPI_WaitFifoStateUntilTimeout
</UL>
<BR>[Calls]<UL><LI><a href="#[71]">&gt;&gt;</a>&nbsp;&nbsp;&nbsp;HAL_SPI_Transmit
<LI><a href="#[7f]">&gt;&gt;</a>&nbsp;&nbsp;&nbsp;enableChip
<LI><a href="#[7e]">&gt;&gt;</a>&nbsp;&nbsp;&nbsp;disableChip
</UL>
<BR>[Called By]<UL><LI><a href="#[84]">&gt;&gt;</a>&nbsp;&nbsp;&nbsp;mfrc522_toCard
<LI><a href="#[8a]">&gt;&gt;</a>&nbsp;&nbsp;&nbsp;mfrc522_reset
<LI><a href="#[87]">&gt;&gt;</a>&nbsp;&nbsp;&nbsp;mfrc522_SetBitMask
<LI><a href="#[8c]">&gt;&gt;</a>&nbsp;&nbsp;&nbsp;mfrc522_Request
<LI><a href="#[80]">&gt;&gt;</a>&nbsp;&nbsp;&nbsp;mfrc522_Init
<LI><a href="#[86]">&gt;&gt;</a>&nbsp;&nbsp;&nbsp;mfrc522_ClearBitMask
<LI><a href="#[85]">&gt;&gt;</a>&nbsp;&nbsp;&nbsp;mfrc522_CalculateCRC
<LI><a href="#[82]">&gt;&gt;</a>&nbsp;&nbsp;&nbsp;mfrc522_AntiColl
</UL>
<P>
<H3>
Local Symbols
</H3>
<P><STRONG><a name="[75]"></a>MX_GPIO_Init</STRONG> (Thumb, 164 bytes, Stack size 48 bytes, main.o(i.MX_GPIO_Init))
<BR><BR>[Stack]<UL><LI>Max Depth = 88<LI>Call Chain = MX_GPIO_Init &rArr; HAL_GPIO_Init
</UL>
<BR>[Calls]<UL><LI><a href="#[76]">&gt;&gt;</a>&nbsp;&nbsp;&nbsp;HAL_GPIO_WritePin
<LI><a href="#[66]">&gt;&gt;</a>&nbsp;&nbsp;&nbsp;HAL_GPIO_Init
</UL>
<BR>[Called By]<UL><LI><a href="#[54]">&gt;&gt;</a>&nbsp;&nbsp;&nbsp;main
</UL>

<P><STRONG><a name="[77]"></a>MX_SPI1_Init</STRONG> (Thumb, 62 bytes, Stack size 8 bytes, main.o(i.MX_SPI1_Init))
<BR><BR>[Stack]<UL><LI>Max Depth = 104<LI>Call Chain = MX_SPI1_Init &rArr; HAL_SPI_Init &rArr; HAL_SPI_MspInit &rArr; HAL_GPIO_Init
</UL>
<BR>[Calls]<UL><LI><a href="#[6b]">&gt;&gt;</a>&nbsp;&nbsp;&nbsp;HAL_SPI_Init
</UL>
<BR>[Called By]<UL><LI><a href="#[54]">&gt;&gt;</a>&nbsp;&nbsp;&nbsp;main
</UL>

<P><STRONG><a name="[57]"></a>SPI_DMAAbortOnError</STRONG> (Thumb, 18 bytes, Stack size 8 bytes, stm32f3xx_hal_spi.o(i.SPI_DMAAbortOnError))
<BR><BR>[Stack]<UL><LI>Max Depth = 8<LI>Call Chain = SPI_DMAAbortOnError
</UL>
<BR>[Calls]<UL><LI><a href="#[6a]">&gt;&gt;</a>&nbsp;&nbsp;&nbsp;HAL_SPI_ErrorCallback
</UL>
<BR>[Address Reference Count : 1]<UL><LI> stm32f3xx_hal_spi.o(i.HAL_SPI_IRQHandler)
</UL>
<P><STRONG><a name="[70]"></a>SPI_EndRxTransaction</STRONG> (Thumb, 116 bytes, Stack size 32 bytes, stm32f3xx_hal_spi.o(i.SPI_EndRxTransaction))
<BR><BR>[Stack]<UL><LI>Max Depth = 64<LI>Call Chain = SPI_EndRxTransaction &rArr; SPI_WaitFifoStateUntilTimeout
</UL>
<BR>[Calls]<UL><LI><a href="#[78]">&gt;&gt;</a>&nbsp;&nbsp;&nbsp;SPI_WaitFlagStateUntilTimeout
<LI><a href="#[79]">&gt;&gt;</a>&nbsp;&nbsp;&nbsp;SPI_WaitFifoStateUntilTimeout
</UL>
<BR>[Called By]<UL><LI><a href="#[6e]">&gt;&gt;</a>&nbsp;&nbsp;&nbsp;HAL_SPI_Receive
</UL>

<P><STRONG><a name="[72]"></a>SPI_EndRxTxTransaction</STRONG> (Thumb, 72 bytes, Stack size 24 bytes, stm32f3xx_hal_spi.o(i.SPI_EndRxTxTransaction))
<BR><BR>[Stack]<UL><LI>Max Depth = 56<LI>Call Chain = SPI_EndRxTxTransaction &rArr; SPI_WaitFifoStateUntilTimeout
</UL>
<BR>[Calls]<UL><LI><a href="#[78]">&gt;&gt;</a>&nbsp;&nbsp;&nbsp;SPI_WaitFlagStateUntilTimeout
<LI><a href="#[79]">&gt;&gt;</a>&nbsp;&nbsp;&nbsp;SPI_WaitFifoStateUntilTimeout
</UL>
<BR>[Called By]<UL><LI><a href="#[71]">&gt;&gt;</a>&nbsp;&nbsp;&nbsp;HAL_SPI_Transmit
<LI><a href="#[6f]">&gt;&gt;</a>&nbsp;&nbsp;&nbsp;HAL_SPI_TransmitReceive
</UL>

<P><STRONG><a name="[79]"></a>SPI_WaitFifoStateUntilTimeout</STRONG> (Thumb, 158 bytes, Stack size 32 bytes, stm32f3xx_hal_spi.o(i.SPI_WaitFifoStateUntilTimeout))
<BR><BR>[Stack]<UL><LI>Max Depth = 32<LI>Call Chain = SPI_WaitFifoStateUntilTimeout
</UL>
<BR>[Calls]<UL><LI><a href="#[63]">&gt;&gt;</a>&nbsp;&nbsp;&nbsp;HAL_GetTick
</UL>
<BR>[Called By]<UL><LI><a href="#[72]">&gt;&gt;</a>&nbsp;&nbsp;&nbsp;SPI_EndRxTxTransaction
<LI><a href="#[70]">&gt;&gt;</a>&nbsp;&nbsp;&nbsp;SPI_EndRxTransaction
</UL>

<P><STRONG><a name="[78]"></a>SPI_WaitFlagStateUntilTimeout</STRONG> (Thumb, 148 bytes, Stack size 24 bytes, stm32f3xx_hal_spi.o(i.SPI_WaitFlagStateUntilTimeout))
<BR><BR>[Stack]<UL><LI>Max Depth = 24<LI>Call Chain = SPI_WaitFlagStateUntilTimeout
</UL>
<BR>[Calls]<UL><LI><a href="#[63]">&gt;&gt;</a>&nbsp;&nbsp;&nbsp;HAL_GetTick
</UL>
<BR>[Called By]<UL><LI><a href="#[72]">&gt;&gt;</a>&nbsp;&nbsp;&nbsp;SPI_EndRxTxTransaction
<LI><a href="#[70]">&gt;&gt;</a>&nbsp;&nbsp;&nbsp;SPI_EndRxTransaction
</UL>

<P><STRONG><a name="[61]"></a>NVIC_SetPriority</STRONG> (Thumb, 32 bytes, Stack size 0 bytes, stm32f3xx_hal_cortex.o(i.NVIC_SetPriority))
<BR><BR>[Called By]<UL><LI><a href="#[5f]">&gt;&gt;</a>&nbsp;&nbsp;&nbsp;HAL_SYSTICK_Config
<LI><a href="#[60]">&gt;&gt;</a>&nbsp;&nbsp;&nbsp;HAL_NVIC_SetPriority
</UL>
<P>
<H3>
Undefined Global Symbols
</H3><HR></body></html>
